// Jest Snapshot v1, https://goo.gl/fbAQLP

exports[`Pruebas en el componente <GifExpertApp /> debe de hacer match con el snapshot 1`] = `
<div>
  <h1>
    GifExpertApp
  </h1>
  <form
    aria-label="form"
  >
    <input
      placeholder="Buscar gifs"
      type="text"
      value=""
    />
  </form>
  <h3>
    One Punch
  </h3>
  <h2>
    Loading...
  </h2>
  <div
    class="card-grid"
  />
</div>
`;
